
        Deploying with following values
        ===============================
        Stack name                   : trailhead
        Region                       : ca-central-1
        Confirm changeset            : True
        Disable rollback             : False
        Deployment s3 bucket         : aws-sam-cli-managed-default-samclisourcebucket-o6ophm3dsbgs
        Capabilities                 : ["CAPABILITY_IAM"]
        Parameter overrides          : {}
        Signing Profiles             : {}

Initiating deployment
=====================

        Uploading to 410008e14abf280d88d751dbd8b420b6.template  3140 / 3140  (100.00%)


Waiting for changeset to be created..

CloudFormation stack changeset
-------------------------------------------------------------------------------------------------
Operation                LogicalResourceId        ResourceType             Replacement            
-------------------------------------------------------------------------------------------------
+ Add                    ApiDeployment25d2e1d63   AWS::ApiGateway::Deplo   N/A                    
                         f                        yment                                           
+ Add                    ApiKey                   AWS::ApiGateway::ApiKe   N/A                    
                                                  y                                               
+ Add                    Apiv1Stage               AWS::ApiGateway::Stage   N/A                    
+ Add                    Api                      AWS::ApiGateway::RestA   N/A                    
                                                  pi                                              
+ Add                    IngestFunctionHealthPe   AWS::Lambda::Permissio   N/A                    
                         rmissionv1               n                                               
+ Add                    IngestFunctionIngestPe   AWS::Lambda::Permissio   N/A                    
                         rmissionv1               n                                               
+ Add                    IngestFunctionRole       AWS::IAM::Role           N/A                    
+ Add                    IngestFunction           AWS::Lambda::Function    N/A                    
+ Add                    UsagePlanKey             AWS::ApiGateway::Usage   N/A                    
                                                  PlanKey                                         
+ Add                    UsagePlan                AWS::ApiGateway::Usage   N/A                    
                                                  Plan                                            
-------------------------------------------------------------------------------------------------


Changeset created successfully. arn:aws:cloudformation:ca-central-1:094780361716:changeSet/samcli-deploy1773143747/62ae2c25-8cdd-4cc3-a820-2624d27de7bc


Previewing CloudFormation changeset before deployment
======================================================
Deploy this changeset? [y/N]: y

2026-03-10 11:56:09 - Waiting for stack create/update to complete

CloudFormation events from stack operations (refresh every 5.0 seconds)
-------------------------------------------------------------------------------------------------
ResourceStatus           ResourceType             LogicalResourceId        ResourceStatusReason   
-------------------------------------------------------------------------------------------------
CREATE_IN_PROGRESS       AWS::CloudFormation::S   trailhead                User Initiated         
                         tack                                                                     
CREATE_IN_PROGRESS       AWS::IAM::Role           IngestFunctionRole       -                      
CREATE_IN_PROGRESS       AWS::IAM::Role           IngestFunctionRole       Resource creation      
                                                                           Initiated              
CREATE_COMPLETE          AWS::IAM::Role           IngestFunctionRole       -                      
CREATE_IN_PROGRESS       AWS::Lambda::Function    IngestFunction           -                      
CREATE_IN_PROGRESS       AWS::Lambda::Function    IngestFunction           Resource creation      
                                                                           Initiated              
CREATE_IN_PROGRESS -     AWS::Lambda::Function    IngestFunction           Eventual consistency   
CONFIGURATION_COMPLETE                                                     check initiated        
CREATE_IN_PROGRESS       AWS::ApiGateway::RestA   Api                      -                      
                         pi                                                                       
CREATE_IN_PROGRESS       AWS::ApiGateway::RestA   Api                      Resource creation      
                         pi                                                Initiated              
CREATE_COMPLETE          AWS::ApiGateway::RestA   Api                      -                      
                         pi                                                                       
CREATE_IN_PROGRESS       AWS::ApiGateway::Deplo   ApiDeployment25d2e1d63   -                      
                         yment                    f                                               
CREATE_IN_PROGRESS       AWS::Lambda::Permissio   IngestFunctionIngestPe   -                      
                         n                        rmissionv1                                      
CREATE_IN_PROGRESS       AWS::Lambda::Permissio   IngestFunctionHealthPe   -                      
                         n                        rmissionv1                                      
CREATE_IN_PROGRESS       AWS::Lambda::Permissio   IngestFunctionIngestPe   Resource creation      
                         n                        rmissionv1               Initiated              
CREATE_IN_PROGRESS       AWS::Lambda::Permissio   IngestFunctionHealthPe   Resource creation      
                         n                        rmissionv1               Initiated              
CREATE_IN_PROGRESS       AWS::ApiGateway::Deplo   ApiDeployment25d2e1d63   Resource creation      
                         yment                    f                        Initiated              
CREATE_COMPLETE          AWS::Lambda::Permissio   IngestFunctionIngestPe   -                      
                         n                        rmissionv1                                      
CREATE_COMPLETE          AWS::Lambda::Permissio   IngestFunctionHealthPe   -                      
                         n                        rmissionv1                                      
CREATE_COMPLETE          AWS::ApiGateway::Deplo   ApiDeployment25d2e1d63   -                      
                         yment                    f                                               
CREATE_COMPLETE          AWS::Lambda::Function    IngestFunction           -                      
CREATE_IN_PROGRESS       AWS::ApiGateway::Stage   Apiv1Stage               -                      
CREATE_IN_PROGRESS       AWS::ApiGateway::Stage   Apiv1Stage               Resource creation      
                                                                           Initiated              
CREATE_COMPLETE          AWS::ApiGateway::Stage   Apiv1Stage               -                      
CREATE_IN_PROGRESS       AWS::ApiGateway::Usage   UsagePlan                -                      
                         Plan                                                                     
CREATE_IN_PROGRESS       AWS::ApiGateway::ApiKe   ApiKey                   -                      
                         y                                                                        
CREATE_IN_PROGRESS       AWS::ApiGateway::ApiKe   ApiKey                   Resource creation      
                         y                                                 Initiated              
CREATE_IN_PROGRESS       AWS::ApiGateway::Usage   UsagePlan                Resource creation      
                         Plan                                              Initiated              
CREATE_COMPLETE          AWS::ApiGateway::ApiKe   ApiKey                   -                      
                         y                                                                        
CREATE_COMPLETE          AWS::ApiGateway::Usage   UsagePlan                -                      
                         Plan                                                                     
CREATE_IN_PROGRESS       AWS::ApiGateway::Usage   UsagePlanKey             -                      
                         PlanKey                                                                  
CREATE_IN_PROGRESS       AWS::ApiGateway::Usage   UsagePlanKey             Resource creation      
                         PlanKey                                           Initiated              
CREATE_COMPLETE          AWS::ApiGateway::Usage   UsagePlanKey             -                      
                         PlanKey                                                                  
CREATE_COMPLETE          AWS::CloudFormation::S   trailhead                -                      
                         tack                                                                     
-------------------------------------------------------------------------------------------------

CloudFormation outputs from deployed stack
-------------------------------------------------------------------------------------------------
Outputs                                                                                         
-------------------------------------------------------------------------------------------------
Key                 ApiUrl                                                                      
Description         Base URL for the Trailhead API                                              
Value               https://iqklfp621m.execute-api.ca-central-1.amazonaws.com/v1                

Key                 ApiKeyId                                                                    
Description         API key ID ? retrieve the actual secret with: aws apigateway get-api-key    
--api-key <ID> --include-value
                                                                 
Value               bcnqrgmsv6                                                                  
-------------------------------------------------------------------------------------------------


Successfully created/updated stack - trailhead in ca-central-1




