
        Managed S3 bucket: aws-sam-cli-managed-default-samclisourcebucket-o6ophm3dsbgs
        Auto resolution of buckets can be turned off by setting resolve_s3=False
        To use a specific S3 bucket, set --s3-bucket=<bucket_name>
        Above settings can be stored in samconfig.toml
        Uploading to 8b5e6baa48eac75707f704b7878cac23  121125025 / 121125025  (100.00%)

        Deploying with following values
        ===============================
        Stack name                   : trailhead
        Region                       : ca-central-1
        Confirm changeset            : True
        Disable rollback             : False
        Deployment s3 bucket         : aws-sam-cli-managed-default-samclisourcebucket-o6ophm3dsbgs
        Capabilities                 : ["CAPABILITY_IAM"]
        Parameter overrides          : {}
        Signing Profiles             : {}

Initiating deployment
=====================

        Uploading to 998300b4a0830ee3dc9fd395ffe3e24d.template  3140 / 3140  (100.00%)


Waiting for changeset to be created..

CloudFormation stack changeset
---------------------------------------------------------------------------------------------------------
Operation                  LogicalResourceId          ResourceType               Replacement              
---------------------------------------------------------------------------------------------------------
* Modify                   Api                        AWS::ApiGateway::RestApi   False                    
* Modify                   IngestFunction             AWS::Lambda::Function      False                    
---------------------------------------------------------------------------------------------------------


Changeset created successfully. arn:aws:cloudformation:ca-central-1:094780361716:changeSet/samcli-deploy1773146434/5837c5b7-fb36-4fcf-811b-8e2251ad0563


Previewing CloudFormation changeset before deployment
======================================================
Deploy this changeset? [y/N]: y

2026-03-10 12:40:53 - Waiting for stack create/update to complete

CloudFormation events from stack operations (refresh every 5.0 seconds)
---------------------------------------------------------------------------------------------------------
ResourceStatus             ResourceType               LogicalResourceId          ResourceStatusReason     
---------------------------------------------------------------------------------------------------------
UPDATE_IN_PROGRESS         AWS::CloudFormation::Sta   trailhead                  User Initiated           
                           ck                                                                             
UPDATE_IN_PROGRESS         AWS::Lambda::Function      IngestFunction             -                        
UPDATE_COMPLETE            AWS::Lambda::Function      IngestFunction             -                        
UPDATE_COMPLETE_CLEANUP_   AWS::CloudFormation::Sta   trailhead                  -                        
IN_PROGRESS                ck                                                                             
UPDATE_COMPLETE            AWS::CloudFormation::Sta   trailhead                  -                        
                           ck                                                                             
---------------------------------------------------------------------------------------------------------

CloudFormation outputs from deployed stack
-----------------------------------------------------------------------------------------------------------
Outputs                                                                                                   
-----------------------------------------------------------------------------------------------------------
Key                 ApiUrl                                                                                
Description         Base URL for the Trailhead API                                                        
Value               https://iqklfp621m.execute-api.ca-central-1.amazonaws.com/v1                          

Key                 ApiKeyId                                                                              
Description         API key ID ? retrieve the actual secret with: aws apigateway get-api-key --api-key    
<ID> --include-value
                                                                                     
Value               bcnqrgmsv6                                                                            
-----------------------------------------------------------------------------------------------------------



